18:25:56 **** Incremental Build of configuration Debug for project STM32Cube ****
make -j8 all 
arm-none-eabi-size  STM32Cube.elf 
   text	   data	    bss	    dec	    hex	filename
  10980	     12	   1724	  12716	   31ac	STM32Cube.elf
Finished building: default.size.stdout
 
18:26:15 **** Incremental Build of configuration Debug for project STM32Cube ****
make -j8 all 
arm-none-eabi-size  STM32Cube.elf 
   text	   data	    bss	    dec	    hex	filename
  10980	     12	   1724	  12716	   31ac	STM32Cube.elf
Finished building: default.size.stdout
 
18:31:42 **** Incremental Build of configuration Debug for project STM32Cube ****
make -j8 all 
arm-none-eabi-size  STM32Cube.elf 
   text	   data	    bss	    dec	    hex	filename
  10980	     12	   1724	  12716	   31ac	STM32Cube.elf
Finished building: default.size.stdout
 
18:32:23 **** Incremental Build of configuration Debug for project STM32Cube ****
make -j8 all 
arm-none-eabi-size  STM32Cube.elf 
   text	   data	    bss	    dec	    hex	filename
  10980	     12	   1724	  12716	   31ac	STM32Cube.elf
Finished building: default.size.stdout
 
18:33:31 **** Incremental Build of configuration Debug for project STM32Cube ****
make -j8 all 
arm-none-eabi-gcc "../Core/Src/main.c" -mcpu=cortex-m4 -std=gnu11 -g3 -DDEBUG -DUSE_HAL_DRIVER -DSTM32F303x8 -c -I../Core/Inc -I../Drivers/STM32F3xx_HAL_Driver/Inc -I../Drivers/STM32F3xx_HAL_Driver/Inc/Legacy -I../Drivers/CMSIS/Device/ST/STM32F3xx/Include -I../Drivers/CMSIS/Include -O0 -ffunction-sections -fdata-sections -Wall -fstack-usage -fcyclomatic-complexity -MMD -MP -MF"Core/Src/main.d" -MT"Core/Src/main.o" --specs=nano.specs -mfpu=fpv4-sp-d16 -mfloat-abi=hard -mthumb -o "Core/Src/main.o"
arm-none-eabi-gcc -o "STM32Cube.elf" @"objects.list"   -mcpu=cortex-m4 -T"C:\Users\DELL\OneDrive\Pulpit\PCB\PCU\DCDC-1200W-test\STM32Cube\STM32F303K8TX_FLASH.ld" --specs=nosys.specs -Wl,-Map="STM32Cube.map" -Wl,--gc-sections -static --specs=nano.specs -mfpu=fpv4-sp-d16 -mfloat-abi=hard -mthumb -Wl,--start-group -lc -lm -Wl,--end-group
Finished building target: STM32Cube.elf
 
arm-none-eabi-size  STM32Cube.elf 
arm-none-eabi-objdump -h -S STM32Cube.elf  > "STM32Cube.list"
   text	   data	    bss	    dec	    hex	filename
  10980	     12	   1724	  12716	   31ac	STM32Cube.elf
Finished building: default.size.stdout
 
Finished building: STM32Cube.list
 
18:34:52 **** Incremental Build of configuration Debug for project STM32Cube ****
make -j8 all 
arm-none-eabi-size  STM32Cube.elf 
   text	   data	    bss	    dec	    hex	filename
  10980	     12	   1724	  12716	   31ac	STM32Cube.elf
Finished building: default.size.stdout
 
18:35:30 **** Incremental Build of configuration Debug for project STM32Cube ****
make -j8 all 
arm-none-eabi-size  STM32Cube.elf 
   text	   data	    bss	    dec	    hex	filename
  10980	     12	   1724	  12716	   31ac	STM32Cube.elf
Finished building: default.size.stdout
 
18:37:23 **** Incremental Build of configuration Debug for project STM32Cube ****
make -j8 all 
arm-none-eabi-size  STM32Cube.elf 
   text	   data	    bss	    dec	    hex	filename
  10980	     12	   1724	  12716	   31ac	STM32Cube.elf
Finished building: default.size.stdout
 
